[DATA_POINT]
1="tcp_connect"
2="tcp_connection_count"
3="ssl_session_new"
4="mic_recv"
5="HTTP_200"
6="ssl_session_reuse"
7="HTTP_304"
8="tcp_shutdown"
9="HTTP_400"
[END_TRANSACTION]
15="vuser_end_Transaction"
1="https://thinking-tester-contact-list.herokuapp.com/"
2="https://thinking-tester-contact-list.herokuapp.com/js/login.js"
3="https://thinking-tester-contact-list.herokuapp.com/css/styles.css"
4="https://thinking-tester-contact-list.herokuapp.com/img/thinkingTesterLogo.png"
5="thinking-tester-conta_vuser_init_16"
6="vuser_init_Transaction"
7="https://thinking-tester-contact-list.herokuapp.com/addUser"
8="https://thinking-tester-contact-list.herokuapp.com/js/addUser.js"
10="https://update.googleapis.com/service/update2/json?cup2key=13:RjmsdQVlWnDZ0SuZY8H6cHQpvYUplUBdqohG6vbEDLI&cup2hreq=230a4e504807b4302a076fbcf0d0398543ad298e25c014f07946f55b9e797259"
9="addUser_Action_8"
11="json_Action_21"
12="https://thinking-tester-contact-list.herokuapp.com/users"
13="users_Action_56"
14="Action_Transaction"
