[DATA_POINT]
1="tcp_connect"
2="tcp_connection_count"
3="mic_recv"
4="HTTP_200"
5="tcp_shutdown"
6="ssl_session_new"
7="HTTP_304"
[END_TRANSACTION]
26="dynamictable_Dynamic_Table_5"
27="Dynamic_Table_Transaction"
28="vuser_end_Transaction"
10="http://uitestingplayground.com/static/prism.css"
11="http://uitestingplayground.com/static/cube.png"
12="uitestingplayground.c_vuser_init_12"
13="https://accounts.google.com/ListAccounts?gpsia=1&source=ChromiumBrowser&json=standard"
14="ListAccounts_vuser_init_40"
15="http://uitestingplayground.com/static/fork.png"
16="fork.png_vuser_init_52"
17="vuser_init_Transaction"
18="https://update.googleapis.com/service/update2/json?cup2key=13:qXQloqTDRw_ooRj7ZCVLWJfnNFmmrqUmiH0AzphGVlU&cup2hreq=af04d0e82b252a75c43020b672f317e04ee4ed317090cb0cd1349eb4fa83074d"
19="json_Action_10"
1="http://uitestingplayground.com/"
2="https://code.jquery.com/jquery-3.2.1.min.js"
3="https://cdnjs.cloudflare.com/ajax/libs/font-awesome/4.7.0/css/font-awesome.min.css"
4="https://cdnjs.cloudflare.com/ajax/libs/popper.js/1.12.9/umd/popper.min.js"
5="https://maxcdn.bootstrapcdn.com/bootstrap/4.0.0/js/bootstrap.min.js"
6="https://maxcdn.bootstrapcdn.com/bootstrap/4.0.0/css/bootstrap.min.css"
20="Action_Transaction"
7="https://buttons.github.io/buttons.js"
21="json_Dynamic_Id_6"
8="http://uitestingplayground.com/static/style.css"
22="http://uitestingplayground.com/dynamicid"
9="http://uitestingplayground.com/static/prism.js"
23="dynamicid_Dynamic_Id_38"
24="Dynamic_Id_Transaction"
25="http://uitestingplayground.com/dynamictable"
